// Jest Snapshot v1, https://goo.gl/fbAQLP

exports[`renders correctly 1`] = `
<Modal
  hardwareAccelerated={false}
  onRequestClose={[Function]}
  transparent={true}
  visible={true}
>
  <View>
    <View>
      <ActivityIndicator
        animating={true}
        color="#FF9A3B"
        hidesWhenStopped={true}
        size="small"
      />
    </View>
  </View>
</Modal>
`;
